// Jest Snapshot v1, https://goo.gl/fbAQLP

exports[`Avatar renders correctly 1`] = `
<View>
  <View
    style={
      Object {
        "backgroundColor": "#DADADA",
        "borderRadius": 30,
        "height": 60,
        "width": 60,
      }
    }
  />
</View>
`;
